
run spring boot app with spring-boot:run

Angular: running instructions(prompt output)

Windows PowerShell
Copyright (C) Microsoft Corporation. All rights reserved.

Install the latest PowerShell for new features and improvements! https://aka.ms/PSWindows

PS D:\github-new\POCS-2025-new\angular-rest-basic\calculator-app> ng build
√ Browser application bundle generation complete.
√ Copying assets complete.
√ Index html generation complete.

Initial Chunk Files           | Names         |  Raw Size | Estimated Transfer Size
main.ccd6fbd001e1b6f8.js      | main          | 143.77 kB |                40.43 kB
polyfills.1160fa6660e67d47.js | polyfills     |  33.03 kB |                10.64 kB
runtime.77065a1ad939188e.js   | runtime       | 906 bytes |               511 bytes
styles.ef46db3751d8e999.css   | styles        |   0 bytes |                       -

                              | Initial Total | 177.69 kB |                51.56 kB

Build at: 2025-12-31T07:17:24.007Z - Hash: d128bb521d0e9aff - Time: 11388ms
PS D:\github-new\POCS-2025-new\angular-rest-basic\calculator-app> ng serve
√ Browser application bundle generation complete.

Initial Chunk Files   | Names         |  Raw Size
vendor.js             | vendor        |   2.33 MB |
polyfills.js          | polyfills     | 331.94 kB |
styles.css, styles.js | styles        | 229.21 kB |
main.js               | main          |  19.80 kB |
runtime.js            | runtime       |   6.53 kB |


                      | Initial Total |   2.90 MB

Build at: 2025-12-31T07:17:38.468Z - Hash: c4d10a695e787d3f - Time: 6075ms

** Angular Live Development Server is listening on localhost:4200, open your browser on http://localhost:4200/ **


√ Compiled successfully.
PS D:\github-new\POCS-2025-new\angular-rest-basic\calculator-app> ng serve
√ Browser application bundle generation complete.

Initial Chunk Files   | Names         |  Raw Size
vendor.js             | vendor        |   2.33 MB |
polyfills.js          | polyfills     | 331.94 kB |
styles.css, styles.js | styles        | 229.21 kB |
main.js               | main          |  19.80 kB |
runtime.js            | runtime       |   6.53 kB |

                      | Initial Total |   2.90 MB

Build at: 2025-12-31T07:18:49.944Z - Hash: c4d10a695e787d3f - Time: 6321ms

** Angular Live Development Server is listening on localhost:4200, open your browser on http://localhost:4200/ **


√ Compiled successfully.

PS D:\github-new\POCS-2025-new\angular-rest-basic\calculator-app> ng build

Node packages may not be installed. Try installing with 'npm install'.
Error: Could not find the '@angular-devkit/build-angular:browser' builder's node package.

PS D:\github-new\POCS-2025-new\angular-rest-basic\calculator-app> npm install

npm warn deprecated inflight@1.0.6: This module is not supported, and leaks memory. Do not use it. Check out lru-cache if you want a good and tested way to coalesce async requests by a key value, which is much more comprehensive and powerful.
npm warn deprecated read-package-json@6.0.4: This package is no longer supported. Please use @npmcli/package-json instead.
npm warn deprecated @npmcli/move-file@2.0.1: This functionality has been moved to @npmcli/fs
npm warn deprecated @babel/plugin-proposal-unicode-property-regex@7.18.6: This proposal has been merged to the ECMAScript standard and thus this plugin is no longer maintained. Please use @babel/plugin-transform-unicode-property-regex instead.
npm warn deprecated npmlog@6.0.2: This package is no longer supported.
npm warn deprecated rimraf@3.0.2: Rimraf versions prior to v4 are no longer supported
npm warn deprecated glob@7.2.3: Glob versions prior to v9 are no longer supported
npm warn deprecated glob@8.1.0: Glob versions prior to v9 are no longer supported
npm warn deprecated abab@2.0.6: Use your platform's native atob() and btoa() methods instead
npm warn deprecated @babel/plugin-proposal-async-generator-functions@7.20.7: This proposal has been merged to the ECMAScript standard and thus this plugin is no longer maintained. Please use @babel/plugin-transform-async-generator-functions instead.
npm warn deprecated are-we-there-yet@3.0.1: This package is no longer supported.
npm warn deprecated domexception@2.0.1: Use your platform's native DOMException instead
npm warn deprecated w3c-hr-time@1.0.2: Use your platform's native performance.now() and performance.timeOrigin.
npm warn deprecated gauge@4.0.4: This package is no longer supported.
npm warn deprecated @wessberg/ts-evaluator@0.0.27: this package has been renamed to ts-evaluator. Please install ts-evaluator instead

added 980 packages, and audited 981 packages in 22s

120 packages are looking for funding
  run `npm fund` for details

32 vulnerabilities (7 low, 9 moderate, 15 high, 1 critical)

To address issues that do not require attention, run:
  npm audit fix

To address all issues (including breaking changes), run:
  npm audit fix --force

Run `npm audit` for details.
npm notice
npm notice New major version of npm available! 10.9.0 -> 11.7.0
npm notice Changelog: https://github.com/npm/cli/releases/tag/v11.7.0
npm notice To update run: npm install -g npm@11.7.0
npm notice
PS D:\github-new\POCS-2025-new\angular-rest-basic\calculator-app> ng build
√ Browser application bundle generation complete.
√ Copying assets complete.
√ Index html generation complete.

Initial Chunk Files           | Names         |  Raw Size | Estimated Transfer Size
main.ccd6fbd001e1b6f8.js      | main          | 143.77 kB |                40.43 kB
polyfills.1160fa6660e67d47.js | polyfills     |  33.03 kB |                10.64 kB
runtime.77065a1ad939188e.js   | runtime       | 906 bytes |               511 bytes
styles.ef46db3751d8e999.css   | styles        |   0 bytes |                       -

                              | Initial Total | 177.69 kB |                51.56 kB

Build at: 2025-12-31T07:27:11.140Z - Hash: d128bb521d0e9aff - Time: 29582ms
PS D:\github-new\POCS-2025-new\angular-rest-basic\calculator-app> ng run
Error: Not enough non-option arguments: got 0, need at least 1
PS D:\github-new\POCS-2025-new\angular-rest-basic\calculator-app> ng serve
√ Browser application bundle generation complete.

Initial Chunk Files   | Names         |  Raw Size
vendor.js             | vendor        |   2.33 MB |
polyfills.js          | polyfills     | 331.94 kB |
styles.css, styles.js | styles        | 229.21 kB |
main.js               | main          |  19.80 kB |
runtime.js            | runtime       |   6.53 kB |

                      | Initial Total |   2.90 MB

Build at: 2025-12-31T07:27:51.394Z - Hash: c4d10a695e787d3f - Time: 10706ms

** Angular Live Development Server is listening on localhost:4200, open your browser on http://localhost:4200/ **


√ Compiled successfully.












